2025-11-24 20:35:21 [main] ERROR com.dashkovskaya.arrays.service.impl.MinArrayValueService - Array is null. Cannot  count min.
2025-11-24 20:35:21 [main] ERROR com.dashkovskaya.arrays.service.impl.PositiveNegativeCountService - Array is null. Cannot  count positive and negative.
2025-11-24 20:35:21 [main] ERROR com.dashkovskaya.arrays.service.impl.AverageArrayValueService - Array is null. Cannot  find average.
2025-11-24 20:35:21 [main] ERROR com.dashkovskaya.arrays.service.impl.ArrayElementsChangeService - Array is null. Cannot  change array.
2025-11-24 20:35:21 [main] ERROR com.dashkovskaya.arrays.service.impl.MaxArrayValueService - Array is null. Cannot  count max.
2025-11-24 20:35:21 [main] ERROR com.dashkovskaya.arrays.service.impl.SumOfArrayService - Array is null. Cannot calculate sum.
2025-11-24 22:56:17 [main] ERROR com.dashkovskaya.arrays.parser.TextParser - String conversion error: '1 2 a 4'
2025-11-24 22:56:17 [main] ERROR com.dashkovskaya.arrays.parser.TextParser - The line is empty.
2025-11-24 22:56:17 [main] ERROR com.dashkovskaya.arrays.parser.TextParser - The line is empty.
2025-11-24 22:56:17 [main] ERROR com.dashkovskaya.arrays.parser.TextParser - The line is empty.
2025-11-24 23:16:16 [main] ERROR com.dashkovskaya.arrays.parser.TextParser - String conversion error: '1, 3, 4, g'
2025-11-24 23:16:16 [main] WARN  com.dashkovskaya.arrays.fileServiceImplTest.FileServiceImplTest - Skipping invalid line '1, 3, 4, g': String conversion error. 1, 3, 4, g
2025-11-24 23:16:16 [main] ERROR com.dashkovskaya.arrays.parser.TextParser - String conversion error: '3..2 2 3 4 5'
2025-11-24 23:16:16 [main] WARN  com.dashkovskaya.arrays.fileServiceImplTest.FileServiceImplTest - Skipping invalid line '3..2 2 3 4 5': String conversion error. 3..2 2 3 4 5
2025-11-24 23:16:16 [main] ERROR com.dashkovskaya.arrays.parser.TextParser - String conversion error: '1 f 35 5 3 1 9'
2025-11-24 23:16:16 [main] WARN  com.dashkovskaya.arrays.fileServiceImplTest.FileServiceImplTest - Skipping invalid line '1 f 35 5 3 1 9': String conversion error. 1 f 35 5 3 1 9
2025-11-24 23:16:16 [main] INFO  com.dashkovskaya.arrays.repository.SampleArrayRepository - Array was sorted.
2025-11-24 23:28:00 [main] ERROR com.dashkovskaya.arrays.parser.TextParser - String conversion error: '1 2 a'
2025-11-24 23:28:00 [main] ERROR com.dashkovskaya.arrays.parser.TextParser - The line is empty.
2025-11-24 23:28:00 [main] ERROR com.dashkovskaya.arrays.parser.TextParser - The line is empty.
2025-11-24 23:28:00 [main] ERROR com.dashkovskaya.arrays.parser.TextParser - The line is empty.
2025-11-24 23:37:14 [main] WARN  com.dashkovskaya.arrays.entity.SampleArray - Array is empty!
2025-11-24 23:37:14 [main] WARN  com.dashkovskaya.arrays.entity.SampleArray - Array's ID is not correct!
2025-11-24 23:45:34 [main] INFO  com.dashkovskaya.arrays.repository.SampleArrayRepository - Array was sorted.
2025-11-24 23:45:34 [main] WARN  com.dashkovskaya.arrays.repository.SampleArrayRepository - Trying to remove null array from repository
2025-11-24 23:45:34 [main] WARN  com.dashkovskaya.arrays.repository.SampleArrayRepository - Array is null.
2025-11-24 23:49:56 [main] ERROR com.dashkovskaya.arrays.validator.ArrayValidator - The line is not valid
2025-11-24 23:49:56 [main] ERROR com.dashkovskaya.arrays.validator.ArrayValidator - The line is not valid
